[     204ms] [INFO] %cDownload the React DevTools for a better development experience: https://react.dev/link/react-devtools font-weight:bold @ http://localhost:3000/_next/static/chunks/012e_next_dist_0ggn869._.js:2431
[     255ms] [LOG] [HMR] connected @ http://localhost:3000/_next/static/chunks/012e_next_dist_0ggn869._.js:2431
[     359ms] [LOG] [Fast Refresh] rebuilding @ http://localhost:3000/_next/static/chunks/012e_next_dist_0ggn869._.js:2431
[     416ms] [LOG] [Fast Refresh] done in 158ms @ http://localhost:3000/_next/static/chunks/012e_next_dist_0ggn869._.js:2431
[  115278ms] [LOG] [Fast Refresh] rebuilding @ http://localhost:3000/_next/static/chunks/012e_next_dist_0ggn869._.js:2431
[  115288ms] [LOG] [Fast Refresh] done in 111ms @ http://localhost:3000/_next/static/chunks/012e_next_dist_0ggn869._.js:2431
[  124496ms] [LOG] [Fast Refresh] rebuilding @ http://localhost:3000/_next/static/chunks/012e_next_dist_0ggn869._.js:2431
[  124547ms] [LOG] [Fast Refresh] done in 153ms @ http://localhost:3000/_next/static/chunks/012e_next_dist_0ggn869._.js:2431
[  124648ms] [LOG] [Fast Refresh] rebuilding @ http://localhost:3000/_next/static/chunks/012e_next_dist_0ggn869._.js:2431
[  124849ms] [LOG] [Fast Refresh] done in 300ms @ http://localhost:3000/_next/static/chunks/012e_next_dist_0ggn869._.js:2431
[  124952ms] [LOG] [Fast Refresh] rebuilding @ http://localhost:3000/_next/static/chunks/012e_next_dist_0ggn869._.js:2431
[  125034ms] [LOG] [Fast Refresh] done in 184ms @ http://localhost:3000/_next/static/chunks/012e_next_dist_0ggn869._.js:2431
[  125135ms] [LOG] [Fast Refresh] rebuilding @ http://localhost:3000/_next/static/chunks/012e_next_dist_0ggn869._.js:2431
[  125196ms] [LOG] [Fast Refresh] done in 162ms @ http://localhost:3000/_next/static/chunks/012e_next_dist_0ggn869._.js:2431
[  129578ms] [LOG] [Fast Refresh] rebuilding @ http://localhost:3000/_next/static/chunks/012e_next_dist_0ggn869._.js:2431
[  129609ms] [LOG] [Fast Refresh] done in 133ms @ http://localhost:3000/_next/static/chunks/012e_next_dist_0ggn869._.js:2431
[  186199ms] [LOG] [Fast Refresh] rebuilding @ http://localhost:3000/_next/static/chunks/012e_next_dist_0ggn869._.js:2431
[  186267ms] [LOG] [Fast Refresh] done in 168ms @ http://localhost:3000/_next/static/chunks/012e_next_dist_0ggn869._.js:2431
[  288386ms] [LOG] [Fast Refresh] rebuilding @ http://localhost:3000/_next/static/chunks/012e_next_dist_0ggn869._.js:2431
[  288470ms] [LOG] [Fast Refresh] done in 171ms @ http://localhost:3000/_next/static/chunks/012e_next_dist_0ggn869._.js:2431
[  301535ms] [LOG] [Fast Refresh] rebuilding @ http://localhost:3000/_next/static/chunks/012e_next_dist_0ggn869._.js:2431
[  301581ms] [LOG] [Fast Refresh] done in 148ms @ http://localhost:3000/_next/static/chunks/012e_next_dist_0ggn869._.js:2431
