[    1372ms] [VERBOSE] [DOM] Input elements should have autocomplete attributes (suggested: "current-password"): (More info: https://goo.gl/9p2vKq) %o @ http://localhost:3000/directory/login:0
[    1444ms] [INFO] %cDownload the React DevTools for a better development experience: https://react.dev/link/react-devtools font-weight:bold @ http://localhost:3000/_next/static/chunks/012e_next_dist_0ggn869._.js:2431
[    1500ms] [LOG] [HMR] connected @ http://localhost:3000/_next/static/chunks/012e_next_dist_0ggn869._.js:2431
[    1595ms] [WARNING] Image with src "/lawyard-logo.png" has either width or height modified, but not the other. If you use CSS to change the size of your image, also include the styles 'width: "auto"' or 'height: "auto"' to maintain the aspect ratio. @ http://localhost:3000/_next/static/chunks/012e_next_dist_0ggn869._.js:2431
[   15188ms] [VERBOSE] [DOM] Password field is not contained in a form: (More info: https://goo.gl/9p2vKq) %o @ https://accounts.google.com/v3/signin/identifier?opparams=%253Fredirect_to%253Dhttp%25253A%25252F%25252Flocalhost%25253A3000%25252Fauth%25252Fcallback&dsh=S286433751%3A1782583794995515&client_id=202764224741-u29tupi1ecarde3t06c29sg6ogs6e1r1.apps.googleusercontent.com&o2v=2&redirect_uri=https%3A%2F%2Fjayjejqjswxtksvwoqxp.supabase.co%2Fauth%2Fv1%2Fcallback&response_type=code&scope=email+profile&service=lso&state=87957d0f-2f8d-404c-84a7-8ab426164576&flowName=GeneralOAuthFlow&continue=https%3A%2F%2Faccounts.google.com%2Fsignin%2Foauth%2Fconsent%3Fauthuser%3Dunknown%26part%3DAJi8hAOir6XKshrxgrxivYa9Fdx7pDIG0nb44Mx1ZwoYo4Qj-AXffVWqv_iQwHfkP63C-Y-NJ6C5KIdrLHDGFQXid7a1wZcz86Is1YQCftnbgg0zGxLvmNGu6jDpmgh1Mb_Rjo6DXPJQnnkRZloYQWg5OGZ6ghtA5bKDWh2JJfS8s_OrtsiTWN0UqmRzhkGCTwUXvC6YGnuSADU4viVjTNWHlypIkN72xM-x6cvr03ojmj9jy_Ebcm1X7MNycrFGkGmuy7Ml3Na3y9WW-Umi3VS-YPL-ho4uOg6yos3uzxWH0QXLwBakMesMHd-HH8eK7f8H9UdHORPNXobLfKrV-5tFdp816tQseYvipcMjWh9oedIRPSRuJd4hgeL5wuZWviG5W09lyH8sUaz3wvM2eNY-C-PtuiL8YJzGt-ouE13BLBvsIGflllruegzKrvifl0pVPMk_G876hwzPyyZ2ljNdEEQm7L_HqIiuVQCrCkc5AoWJ2vrKYSI%26flowName%3DGeneralOAuthFlow%26as%3DS286433751%253A1782583794995515%26client_id%3D202764224741-u29tupi1ecarde3t06c29sg6ogs6e1r1.apps.googleusercontent.com%26requestPath%3D%252Fsignin%252Foauth%252Fconsent%23&app_domain=https%3A%2F%2Fjayjejqjswxtksvwoqxp.supabase.co&rart=ANgoxcc8tTI4TGwW8Nadk918ow1w908Fa8Y8S_k3KoXs0f2B72JSpoGOnzfknLoGtueGnmMHs40hhWji2RiY6m96MaU4qQEts9msGmB3LDeFaqpJK2oU30g:0
[   15193ms] [LOG] %c%s color: red; background: yellow; font-size: 24px; WARNING! @ https://www.gstatic.com/_/mss/boq-identity/_/js/k=boq-identity.AccountsSignInUi.en_US.1dwkazA86mY.es5.O/am=EQ0AAAAwULyQAcD-_28AAAIIsh3wPQugCRAyAAAAAAAAAABgAQAAGgE/d=1/excm=_b,_tp,identifierview/ed=1/dg=0/wt=2/ujg=1/rs=AOaEmlGEBklL208WT59JvLy1mmuy8W09pQ/dti=1/m=_b,_tp:551
[   15193ms] [LOG] %c%s font-size: 18px; Using this console may allow attackers to impersonate you and steal your information using an attack called Self-XSS.
Do not enter or paste code that you do not understand. @ https://www.gstatic.com/_/mss/boq-identity/_/js/k=boq-identity.AccountsSignInUi.en_US.1dwkazA86mY.es5.O/am=EQ0AAAAwULyQAcD-_28AAAIIsh3wPQugCRAyAAAAAAAAAABgAQAAGgE/d=1/excm=_b,_tp,identifierview/ed=1/dg=0/wt=2/ujg=1/rs=AOaEmlGEBklL208WT59JvLy1mmuy8W09pQ/dti=1/m=_b,_tp:551
[  124722ms] [VERBOSE] [DOM] Password field is not contained in a form: (More info: https://goo.gl/9p2vKq) %o @ https://accounts.google.com/v3/signin/challenge/pwd?TL=ADCchmbUcsaj7o_6BHaOAqX66nE7k1F61A4ADkOnHUY8O6UW5jmCUddWafR2wc-y&app_domain=https%3A%2F%2Fjayjejqjswxtksvwoqxp.supabase.co&checkConnection=youtube%3A521&checkedDomains=youtube&cid=2&client_id=202764224741-u29tupi1ecarde3t06c29sg6ogs6e1r1.apps.googleusercontent.com&continue=https%3A%2F%2Faccounts.google.com%2Fsignin%2Foauth%2Fconsent%3Fauthuser%3Dunknown%26part%3DAJi8hAOir6XKshrxgrxivYa9Fdx7pDIG0nb44Mx1ZwoYo4Qj-AXffVWqv_iQwHfkP63C-Y-NJ6C5KIdrLHDGFQXid7a1wZcz86Is1YQCftnbgg0zGxLvmNGu6jDpmgh1Mb_Rjo6DXPJQnnkRZloYQWg5OGZ6ghtA5bKDWh2JJfS8s_OrtsiTWN0UqmRzhkGCTwUXvC6YGnuSADU4viVjTNWHlypIkN72xM-x6cvr03ojmj9jy_Ebcm1X7MNycrFGkGmuy7Ml3Na3y9WW-Umi3VS-YPL-ho4uOg6yos3uzxWH0QXLwBakMesMHd-HH8eK7f8H9UdHORPNXobLfKrV-5tFdp816tQseYvipcMjWh9oedIRPSRuJd4hgeL5wuZWviG5W09lyH8sUaz3wvM2eNY-C-PtuiL8YJzGt-ouE13BLBvsIGflllruegzKrvifl0pVPMk_G876hwzPyyZ2ljNdEEQm7L_HqIiuVQCrCkc5AoWJ2vrKYSI%26flowName%3DGeneralOAuthFlow%26as%3DS286433751%253A1782583794995515%26client_id%3D202764224741-u29tupi1ecarde3t06c29sg6ogs6e1r1.apps.googleusercontent.com%26requestPath%3D%252Fsignin%252Foauth%252Fconsent%23&dsh=S286433751%3A1782583794995515&flowName=GeneralOAuthFlow&o2v=2&opparams=%253Fredirect_to%253Dhttp%25253A%25252F%25252Flocalhost%25253A3000%25252Fauth%25252Fcallback&pstMsg=1&rart=ANgoxcc8tTI4TGwW8Nadk918ow1w908Fa8Y8S_k3KoXs0f2B72JSpoGOnzfknLoGtueGnmMHs40hhWji2RiY6m96MaU4qQEts9msGmB3LDeFaqpJK2oU30g&redirect_uri=https%3A%2F%2Fjayjejqjswxtksvwoqxp.supabase.co%2Fauth%2Fv1%2Fcallback&response_type=code&scope=email%20profile&service=lso&state=87957d0f-2f8d-404c-84a7-8ab426164576:0
[  278887ms] [INFO] %cDownload the React DevTools for a better development experience: https://react.dev/link/react-devtools font-weight:bold @ http://localhost:3000/_next/static/chunks/012e_next_dist_0ggn869._.js:2431
[  278933ms] [LOG] [HMR] connected @ http://localhost:3000/_next/static/chunks/012e_next_dist_0ggn869._.js:2431
[  290187ms] [LOG] [Fast Refresh] rebuilding @ http://localhost:3000/_next/static/chunks/012e_next_dist_0ggn869._.js:2431
[  290298ms] [LOG] [Fast Refresh] done in 212ms @ http://localhost:3000/_next/static/chunks/012e_next_dist_0ggn869._.js:2431
[  298971ms] [INFO] %cDownload the React DevTools for a better development experience: https://react.dev/link/react-devtools font-weight:bold @ http://localhost:3000/_next/static/chunks/012e_next_dist_0ggn869._.js:2431
[  298986ms] [LOG] [HMR] connected @ http://localhost:3000/_next/static/chunks/012e_next_dist_0ggn869._.js:2431
[  301447ms] [ERROR] WebSocket connection to 'ws://localhost:3000/_next/webpack-hmr?id=XpD4vJb3uQ2dY2mL0-b26' failed:  @ http://localhost:3000/_next/static/chunks/012e_next_dist_client_08lnq0_._.js:13299
[  302449ms] [ERROR] WebSocket connection to 'ws://localhost:3000/_next/webpack-hmr?id=XpD4vJb3uQ2dY2mL0-b26' failed:  @ http://localhost:3000/_next/static/chunks/012e_next_dist_client_08lnq0_._.js:13299
[  303451ms] [ERROR] WebSocket connection to 'ws://localhost:3000/_next/webpack-hmr?id=XpD4vJb3uQ2dY2mL0-b26' failed:  @ http://localhost:3000/_next/static/chunks/012e_next_dist_client_08lnq0_._.js:13299
[  304453ms] [ERROR] WebSocket connection to 'ws://localhost:3000/_next/webpack-hmr?id=XpD4vJb3uQ2dY2mL0-b26' failed:  @ http://localhost:3000/_next/static/chunks/012e_next_dist_client_08lnq0_._.js:13299
[  305455ms] [ERROR] WebSocket connection to 'ws://localhost:3000/_next/webpack-hmr?id=XpD4vJb3uQ2dY2mL0-b26' failed:  @ http://localhost:3000/_next/static/chunks/012e_next_dist_client_08lnq0_._.js:13299
[  306460ms] [ERROR] WebSocket connection to 'ws://localhost:3000/_next/webpack-hmr?id=XpD4vJb3uQ2dY2mL0-b26' failed:  @ http://localhost:3000/_next/static/chunks/012e_next_dist_client_08lnq0_._.js:13299
[  311467ms] [LOG] [HMR] connected @ http://localhost:3000/_next/static/chunks/012e_next_dist_0ggn869._.js:2431
[  314455ms] [INFO] %cDownload the React DevTools for a better development experience: https://react.dev/link/react-devtools font-weight:bold @ http://localhost:3000/_next/static/chunks/012e_next_dist_0ggn869._.js:2431
[  314468ms] [LOG] [HMR] connected @ http://localhost:3000/_next/static/chunks/012e_next_dist_0ggn869._.js:2431
[  314482ms] [VERBOSE] [DOM] Input elements should have autocomplete attributes (suggested: "current-password"): (More info: https://goo.gl/9p2vKq) %o @ http://localhost:3000/signin:0
[  317879ms] [LOG] [Fast Refresh] rebuilding @ http://localhost:3000/_next/static/chunks/012e_next_dist_0ggn869._.js:2431
[  318112ms] [LOG] [Fast Refresh] done in 334ms @ http://localhost:3000/_next/static/chunks/012e_next_dist_0ggn869._.js:2431
[  319726ms] [INFO] %cDownload the React DevTools for a better development experience: https://react.dev/link/react-devtools font-weight:bold @ http://localhost:3000/_next/static/chunks/012e_next_dist_0ggn869._.js:2431
[  319738ms] [LOG] [HMR] connected @ http://localhost:3000/_next/static/chunks/012e_next_dist_0ggn869._.js:2431
